Using /u/haorany7/.cache/torch_extensions/py38_cu121 as PyTorch extensions root...
Emitting ninja build file /u/haorany7/.cache/torch_extensions/py38_cu121/gymtorch/build.ninja...
Building extension module gymtorch...
Allowing ninja to set a default number of workers... (overridable by setting the environment variable MAX_JOBS=N)
Loading extension module gymtorch...
2025-05-14 06:53:39,860 - INFO - logger - logger initialized
<unknown>:3: DeprecationWarning: invalid escape sequence \*
train.py:75: UserWarning: 
The version_base parameter is not specified.
Please specify a compatability version level, or None.
Will assume defaults for version 1.1
  @hydra.main(config_name="config", config_path="./cfg")
/scratch/bdes/haorany7/anaconda3/envs/eureka/lib/python3.8/site-packages/hydra/_internal/defaults_list.py:415: UserWarning: In config: Invalid overriding of hydra/job_logging:
Default list overrides requires 'override' keyword.
See https://hydra.cc/docs/1.2/upgrades/1.0_to_1.1/defaults_list_override for more information.

  deprecation_warning(msg)
[Error] [carb.gym.plugin] *** Could not create contact graph to compute collision filters! Are contacts specified properly?

/scratch/bdes/haorany7/anaconda3/envs/eureka/lib/python3.8/site-packages/hydra/_internal/hydra.py:119: UserWarning: Future Hydra versions will no longer change working directory at job runtime by default.
See https://hydra.cc/docs/1.2/upgrades/1.1_to_1.2/changes_to_job_working_dir/ for more information.
  ret = run_job(
/scratch/bdes/haorany7/anaconda3/envs/eureka/lib/python3.8/site-packages/gym/spaces/box.py:84: UserWarning: [33mWARN: Box bound precision lowered by casting to float32[0m
  logger.warn(f"Box bound precision lowered by casting to {self.dtype}")
/scratch/bdes/haorany7/Eureka-Research/isaacgymenvs/isaacgymenvs/tasks/shadow_hand_rope.py:229: DeprecationWarning: an integer is required (got type isaacgym._bindings.linux-x86_64.gym_38.DofDriveMode).  Implicit conversion to integers using __int__ is deprecated, and may be removed in a future version of Python.
  asset_options.default_dof_drive_mode = gymapi.DOF_MODE_NONE # Driven by position targets
/scratch/bdes/haorany7/Eureka-Research/rl_games/rl_games/common/a2c_common.py:239: FutureWarning: `torch.cuda.amp.GradScaler(args...)` is deprecated. Please use `torch.amp.GradScaler('cuda', args...)` instead.
  self.scaler = torch.cuda.amp.GradScaler(enabled=self.mixed_precision)
/scratch/bdes/haorany7/Eureka-Research/rl_games/rl_games/algos_torch/a2c_continuous.py:107: FutureWarning: `torch.cuda.amp.autocast(args...)` is deprecated. Please use `torch.amp.autocast('cuda', args...)` instead.
  with torch.cuda.amp.autocast(enabled=self.mixed_precision):
